// Jest Snapshot v1, https://goo.gl/fbAQLP

exports[`Footer should render Footer Component 1`] = `
<footer
  className="footer"
>
  A Footer
</footer>
`;
