// Jest Snapshot v1, https://goo.gl/fbAQLP

exports[`App should render App Component 1`] = `
<div
  className="app-container"
>
  <Header />
  <div
    className={
      Object {
        "has": [Function],
        "is": [Function],
        "mix": [Function],
        "split": [Function],
        "state": [Function],
        "toString": [Function],
      }
    }
  >
    <Connect(LoanApplication) />
  </div>
  <Footer />
</div>
`;
